Archive member included because of file (symbol)

c:/03- imt sdk/03- imt sdk/imt_sdk_win_64/winavr/bin/../lib/gcc/avr/4.3.3/avr5\libgcc.a(_exit.o)
                              c:/03- imt sdk/03- imt sdk/imt_sdk_win_64/winavr/bin/../lib/gcc/avr/4.3.3/../../../../avr/lib/avr5/crtm32.o (exit)
c:/03- imt sdk/03- imt sdk/imt_sdk_win_64/winavr/bin/../lib/gcc/avr/4.3.3/avr5\libgcc.a(_copy_data.o)
                              ./MCAL/DIO/DIO_CFG.o (__do_copy_data)
c:/03- imt sdk/03- imt sdk/imt_sdk_win_64/winavr/bin/../lib/gcc/avr/4.3.3/avr5\libgcc.a(_clear_bss.o)
                              ./MCAL/EXI/EXI.o (__do_clear_bss)

Memory Configuration

Name             Origin             Length             Attributes
text             0x00000000         0x00020000         xr
data             0x00800060         0x0000ffa0         rw !x
eeprom           0x00810000         0x00010000         rw !x
fuse             0x00820000         0x00000400         rw !x
lock             0x00830000         0x00000400         rw !x
signature        0x00840000         0x00000400         rw !x
*default*        0x00000000         0xffffffff

Linker script and memory map

LOAD c:/03- imt sdk/03- imt sdk/imt_sdk_win_64/winavr/bin/../lib/gcc/avr/4.3.3/../../../../avr/lib/avr5/crtm32.o
LOAD ./MCAL/EXI/EXI.o
LOAD ./MCAL/EXI/EXI_CFG.o
LOAD ./MCAL/DIO/DIO.o
LOAD ./MCAL/DIO/DIO_CFG.o
LOAD ./HAL/LCD/LCD.o
LOAD ./HAL/KEYPAD/KEYPAD_CFG.o
LOAD ./HAL/KEYPAD/KEY_PAD.o
LOAD ./APP/main.o
LOAD ./.metadata/.plugins/org.eclipse.cdt.make.core/specs.o
LOAD c:/03- imt sdk/03- imt sdk/imt_sdk_win_64/winavr/bin/../lib/gcc/avr/4.3.3/avr5\libgcc.a
LOAD c:/03- imt sdk/03- imt sdk/imt_sdk_win_64/winavr/bin/../lib/gcc/avr/4.3.3/../../../../avr/lib/avr5\libc.a
LOAD c:/03- imt sdk/03- imt sdk/imt_sdk_win_64/winavr/bin/../lib/gcc/avr/4.3.3/avr5\libgcc.a

.hash
 *(.hash)

.dynsym
 *(.dynsym)

.dynstr
 *(.dynstr)

.gnu.version
 *(.gnu.version)

.gnu.version_d
 *(.gnu.version_d)

.gnu.version_r
 *(.gnu.version_r)

.rel.init
 *(.rel.init)

.rela.init
 *(.rela.init)

.rel.text
 *(.rel.text)
 *(.rel.text.*)
 *(.rel.gnu.linkonce.t*)

.rela.text
 *(.rela.text)
 *(.rela.text.*)
 *(.rela.gnu.linkonce.t*)

.rel.fini
 *(.rel.fini)

.rela.fini
 *(.rela.fini)

.rel.rodata
 *(.rel.rodata)
 *(.rel.rodata.*)
 *(.rel.gnu.linkonce.r*)

.rela.rodata
 *(.rela.rodata)
 *(.rela.rodata.*)
 *(.rela.gnu.linkonce.r*)

.rel.data
 *(.rel.data)
 *(.rel.data.*)
 *(.rel.gnu.linkonce.d*)

.rela.data
 *(.rela.data)
 *(.rela.data.*)
 *(.rela.gnu.linkonce.d*)

.rel.ctors
 *(.rel.ctors)

.rela.ctors
 *(.rela.ctors)

.rel.dtors
 *(.rel.dtors)

.rela.dtors
 *(.rela.dtors)

.rel.got
 *(.rel.got)

.rela.got
 *(.rela.got)

.rel.bss
 *(.rel.bss)

.rela.bss
 *(.rela.bss)

.rel.plt
 *(.rel.plt)

.rela.plt
 *(.rela.plt)

.text           0x00000000      0x8c6
 *(.vectors)
 .vectors       0x00000000       0x54 c:/03- imt sdk/03- imt sdk/imt_sdk_win_64/winavr/bin/../lib/gcc/avr/4.3.3/../../../../avr/lib/avr5/crtm32.o
                0x00000000                __vectors
                0x00000000                __vector_default
 *(.vectors)
 *(.progmem.gcc*)
 *(.progmem*)
                0x00000054                . = ALIGN (0x2)
                0x00000054                __trampolines_start = .
 *(.trampolines)
 .trampolines   0x00000054        0x0 linker stubs
 *(.trampolines*)
                0x00000054                __trampolines_end = .
 *(.jumptables)
 *(.jumptables*)
 *(.lowtext)
 *(.lowtext*)
                0x00000054                __ctors_start = .
 *(.ctors)
                0x00000054                __ctors_end = .
                0x00000054                __dtors_start = .
 *(.dtors)
                0x00000054                __dtors_end = .
 SORT(*)(.ctors)
 SORT(*)(.dtors)
 *(.init0)
 .init0         0x00000054        0x0 c:/03- imt sdk/03- imt sdk/imt_sdk_win_64/winavr/bin/../lib/gcc/avr/4.3.3/../../../../avr/lib/avr5/crtm32.o
                0x00000054                __init
 *(.init0)
 *(.init1)
 *(.init1)
 *(.init2)
 .init2         0x00000054        0xc c:/03- imt sdk/03- imt sdk/imt_sdk_win_64/winavr/bin/../lib/gcc/avr/4.3.3/../../../../avr/lib/avr5/crtm32.o
 *(.init2)
 *(.init3)
 *(.init3)
 *(.init4)
 .init4         0x00000060       0x16 c:/03- imt sdk/03- imt sdk/imt_sdk_win_64/winavr/bin/../lib/gcc/avr/4.3.3/avr5\libgcc.a(_copy_data.o)
                0x00000060                __do_copy_data
 .init4         0x00000076       0x10 c:/03- imt sdk/03- imt sdk/imt_sdk_win_64/winavr/bin/../lib/gcc/avr/4.3.3/avr5\libgcc.a(_clear_bss.o)
                0x00000076                __do_clear_bss
 *(.init4)
 *(.init5)
 *(.init5)
 *(.init6)
 *(.init6)
 *(.init7)
 *(.init7)
 *(.init8)
 *(.init8)
 *(.init9)
 .init9         0x00000086        0x8 c:/03- imt sdk/03- imt sdk/imt_sdk_win_64/winavr/bin/../lib/gcc/avr/4.3.3/../../../../avr/lib/avr5/crtm32.o
 *(.init9)
 *(.text)
 .text          0x0000008e        0x4 c:/03- imt sdk/03- imt sdk/imt_sdk_win_64/winavr/bin/../lib/gcc/avr/4.3.3/../../../../avr/lib/avr5/crtm32.o
                0x0000008e                __vector_12
                0x0000008e                __bad_interrupt
                0x0000008e                __vector_6
                0x0000008e                __vector_3
                0x0000008e                __vector_11
                0x0000008e                __vector_13
                0x0000008e                __vector_17
                0x0000008e                __vector_19
                0x0000008e                __vector_7
                0x0000008e                __vector_5
                0x0000008e                __vector_4
                0x0000008e                __vector_9
                0x0000008e                __vector_15
                0x0000008e                __vector_8
                0x0000008e                __vector_14
                0x0000008e                __vector_10
                0x0000008e                __vector_16
                0x0000008e                __vector_18
                0x0000008e                __vector_20
 .text          0x00000092        0x0 ./MCAL/EXI/EXI.o
 .text          0x00000092        0x0 ./MCAL/EXI/EXI_CFG.o
 .text          0x00000092        0x0 ./MCAL/DIO/DIO.o
 .text          0x00000092        0x0 ./MCAL/DIO/DIO_CFG.o
 .text          0x00000092        0x0 ./HAL/LCD/LCD.o
 .text          0x00000092        0x0 ./HAL/KEYPAD/KEYPAD_CFG.o
 .text          0x00000092        0x0 ./HAL/KEYPAD/KEY_PAD.o
 .text          0x00000092        0x0 ./APP/main.o
 .text          0x00000092        0x0 ./.metadata/.plugins/org.eclipse.cdt.make.core/specs.o
 .text          0x00000092        0x0 c:/03- imt sdk/03- imt sdk/imt_sdk_win_64/winavr/bin/../lib/gcc/avr/4.3.3/avr5\libgcc.a(_exit.o)
 .text          0x00000092        0x0 c:/03- imt sdk/03- imt sdk/imt_sdk_win_64/winavr/bin/../lib/gcc/avr/4.3.3/avr5\libgcc.a(_copy_data.o)
 .text          0x00000092        0x0 c:/03- imt sdk/03- imt sdk/imt_sdk_win_64/winavr/bin/../lib/gcc/avr/4.3.3/avr5\libgcc.a(_clear_bss.o)
                0x00000092                . = ALIGN (0x2)
 *(.text.*)
 .text.STATUS_REGISTER_enable_disable
                0x00000092       0x22 ./MCAL/EXI/EXI.o
                0x00000092                STATUS_REGISTER_enable_disable
 .text.sense_edit
                0x000000b4       0xc6 ./MCAL/EXI/EXI.o
                0x000000b4                sense_edit
 .text.general_REGISTER_I_SELECTOR
                0x0000017a       0x5a ./MCAL/EXI/EXI.o
                0x0000017a                general_REGISTER_I_SELECTOR
 .text.Set_callback_0
                0x000001d4        0xa ./MCAL/EXI/EXI.o
                0x000001d4                Set_callback_0
 .text.Set_callback_1
                0x000001de        0xa ./MCAL/EXI/EXI.o
                0x000001de                Set_callback_1
 .text.Set_callback_2
                0x000001e8        0xa ./MCAL/EXI/EXI.o
                0x000001e8                Set_callback_2
 .text.__vector_1
                0x000001f2       0x4e ./MCAL/EXI/EXI.o
                0x000001f2                __vector_1
 .text.__vector_2
                0x00000240       0x4e ./MCAL/EXI/EXI.o
                0x00000240                __vector_2
 .text.DIO_initPin
                0x0000028e      0x1f0 ./MCAL/DIO/DIO.o
                0x0000028e                DIO_initPin
 .text.DIO_writepin
                0x0000047e      0x108 ./MCAL/DIO/DIO.o
                0x0000047e                DIO_writepin
 .text.DIO_readpin
                0x00000586       0xae ./MCAL/DIO/DIO.o
                0x00000586                DIO_readpin
 .text.DIO_init
                0x00000634       0x30 ./MCAL/DIO/DIO.o
                0x00000634                DIO_init
 .text.DIO_writeport
                0x00000664       0x26 ./MCAL/DIO/DIO.o
                0x00000664                DIO_writeport
 .text.LCD_write_command
                0x0000068a       0x48 ./HAL/LCD/LCD.o
                0x0000068a                LCD_write_command
 .text.LCD_init
                0x000006d2       0x3c ./HAL/LCD/LCD.o
                0x000006d2                LCD_init
 .text.LCD_goto
                0x0000070e       0x18 ./HAL/LCD/LCD.o
                0x0000070e                LCD_goto
 .text.LCD_write_charachter
                0x00000726       0x48 ./HAL/LCD/LCD.o
                0x00000726                LCD_write_charachter
 .text.KEYPAD_init
                0x0000076e       0x48 ./HAL/KEYPAD/KEY_PAD.o
                0x0000076e                KEYPAD_init
 .text.KEYPAD_get_key
                0x000007b6       0xe2 ./HAL/KEYPAD/KEY_PAD.o
                0x000007b6                KEYPAD_get_key
 .text.main     0x00000898       0x20 ./APP/main.o
                0x00000898                main
 .text.Interupt_action
                0x000008b8        0xa ./APP/main.o
                0x000008b8                Interupt_action
 .text.libgcc   0x000008c2        0x0 c:/03- imt sdk/03- imt sdk/imt_sdk_win_64/winavr/bin/../lib/gcc/avr/4.3.3/avr5\libgcc.a(_exit.o)
 .text.libgcc   0x000008c2        0x0 c:/03- imt sdk/03- imt sdk/imt_sdk_win_64/winavr/bin/../lib/gcc/avr/4.3.3/avr5\libgcc.a(_copy_data.o)
 .text.libgcc   0x000008c2        0x0 c:/03- imt sdk/03- imt sdk/imt_sdk_win_64/winavr/bin/../lib/gcc/avr/4.3.3/avr5\libgcc.a(_clear_bss.o)
                0x000008c2                . = ALIGN (0x2)
 *(.fini9)
 .fini9         0x000008c2        0x0 c:/03- imt sdk/03- imt sdk/imt_sdk_win_64/winavr/bin/../lib/gcc/avr/4.3.3/avr5\libgcc.a(_exit.o)
                0x000008c2                exit
                0x000008c2                _exit
 *(.fini9)
 *(.fini8)
 *(.fini8)
 *(.fini7)
 *(.fini7)
 *(.fini6)
 *(.fini6)
 *(.fini5)
 *(.fini5)
 *(.fini4)
 *(.fini4)
 *(.fini3)
 *(.fini3)
 *(.fini2)
 *(.fini2)
 *(.fini1)
 *(.fini1)
 *(.fini0)
 .fini0         0x000008c2        0x4 c:/03- imt sdk/03- imt sdk/imt_sdk_win_64/winavr/bin/../lib/gcc/avr/4.3.3/avr5\libgcc.a(_exit.o)
 *(.fini0)
                0x000008c6                _etext = .

.data           0x00800060       0x38 load address 0x000008c6
                0x00800060                PROVIDE (__data_start, .)
 *(.data)
 .data          0x00800060        0x0 c:/03- imt sdk/03- imt sdk/imt_sdk_win_64/winavr/bin/../lib/gcc/avr/4.3.3/../../../../avr/lib/avr5/crtm32.o
 .data          0x00800060        0x0 ./MCAL/EXI/EXI.o
 .data          0x00800060        0x0 ./MCAL/EXI/EXI_CFG.o
 .data          0x00800060        0x0 ./MCAL/DIO/DIO.o
 .data          0x00800060        0x0 ./MCAL/DIO/DIO_CFG.o
 .data          0x00800060        0x0 ./HAL/LCD/LCD.o
 .data          0x00800060        0x0 ./HAL/KEYPAD/KEYPAD_CFG.o
 .data          0x00800060        0x0 ./HAL/KEYPAD/KEY_PAD.o
 .data          0x00800060        0x0 ./APP/main.o
 .data          0x00800060        0x0 ./.metadata/.plugins/org.eclipse.cdt.make.core/specs.o
 .data          0x00800060        0x0 c:/03- imt sdk/03- imt sdk/imt_sdk_win_64/winavr/bin/../lib/gcc/avr/4.3.3/avr5\libgcc.a(_exit.o)
 .data          0x00800060        0x0 c:/03- imt sdk/03- imt sdk/imt_sdk_win_64/winavr/bin/../lib/gcc/avr/4.3.3/avr5\libgcc.a(_copy_data.o)
 .data          0x00800060        0x0 c:/03- imt sdk/03- imt sdk/imt_sdk_win_64/winavr/bin/../lib/gcc/avr/4.3.3/avr5\libgcc.a(_clear_bss.o)
 *(.data*)
 *(.rodata)
 *(.rodata*)
 .rodata.Pin_configration
                0x00800060       0x20 ./MCAL/DIO/DIO_CFG.o
                0x00800060                Pin_configration
 .rodata.ROW    0x00800080        0x4 ./HAL/KEYPAD/KEYPAD_CFG.o
                0x00800080                ROW
 .rodata.COL    0x00800084        0x4 ./HAL/KEYPAD/KEYPAD_CFG.o
                0x00800084                COL
 .rodata.KEYS   0x00800088       0x10 ./HAL/KEYPAD/KEYPAD_CFG.o
                0x00800088                KEYS
 *(.gnu.linkonce.d*)
                0x00800098                . = ALIGN (0x2)
                0x00800098                _edata = .
                0x00800098                PROVIDE (__data_end, .)

.bss            0x00800098        0x6
                0x00800098                PROVIDE (__bss_start, .)
 *(.bss)
 .bss           0x00800098        0x0 c:/03- imt sdk/03- imt sdk/imt_sdk_win_64/winavr/bin/../lib/gcc/avr/4.3.3/../../../../avr/lib/avr5/crtm32.o
 .bss           0x00800098        0x0 ./MCAL/EXI/EXI.o
 .bss           0x00800098        0x0 ./MCAL/EXI/EXI_CFG.o
 .bss           0x00800098        0x0 ./MCAL/DIO/DIO.o
 .bss           0x00800098        0x0 ./MCAL/DIO/DIO_CFG.o
 .bss           0x00800098        0x0 ./HAL/LCD/LCD.o
 .bss           0x00800098        0x0 ./HAL/KEYPAD/KEYPAD_CFG.o
 .bss           0x00800098        0x0 ./HAL/KEYPAD/KEY_PAD.o
 .bss           0x00800098        0x0 ./APP/main.o
 .bss           0x00800098        0x0 ./.metadata/.plugins/org.eclipse.cdt.make.core/specs.o
 .bss           0x00800098        0x0 c:/03- imt sdk/03- imt sdk/imt_sdk_win_64/winavr/bin/../lib/gcc/avr/4.3.3/avr5\libgcc.a(_exit.o)
 .bss           0x00800098        0x0 c:/03- imt sdk/03- imt sdk/imt_sdk_win_64/winavr/bin/../lib/gcc/avr/4.3.3/avr5\libgcc.a(_copy_data.o)
 .bss           0x00800098        0x0 c:/03- imt sdk/03- imt sdk/imt_sdk_win_64/winavr/bin/../lib/gcc/avr/4.3.3/avr5\libgcc.a(_clear_bss.o)
 *(.bss*)
 .bss.EXTI0_ptr_0
                0x00800098        0x2 ./MCAL/EXI/EXI.o
                0x00800098                EXTI0_ptr_0
 .bss.EXTI0_ptr_1
                0x0080009a        0x2 ./MCAL/EXI/EXI.o
                0x0080009a                EXTI0_ptr_1
 .bss.EXTI0_ptr_2
                0x0080009c        0x2 ./MCAL/EXI/EXI.o
                0x0080009c                EXTI0_ptr_2
 *(COMMON)
                0x0080009e                PROVIDE (__bss_end, .)
                0x000008c6                __data_load_start = LOADADDR (.data)
                0x000008fe                __data_load_end = (__data_load_start + SIZEOF (.data))

.noinit         0x0080009e        0x0
                0x0080009e                PROVIDE (__noinit_start, .)
 *(.noinit*)
                0x0080009e                PROVIDE (__noinit_end, .)
                0x0080009e                _end = .
                0x0080009e                PROVIDE (__heap_start, .)

.eeprom         0x00810000        0x0
 *(.eeprom*)
                0x00810000                __eeprom_end = .

.fuse
 *(.fuse)
 *(.lfuse)
 *(.hfuse)
 *(.efuse)

.lock
 *(.lock*)

.signature
 *(.signature*)

.stab           0x00000000     0x1b30
 *(.stab)
 .stab          0x00000000      0x540 ./MCAL/EXI/EXI.o
 .stab          0x00000540       0xd8 ./MCAL/EXI/EXI_CFG.o
                                 0xe4 (size before relaxing)
 .stab          0x00000618      0x594 ./MCAL/DIO/DIO.o
                                0x5a0 (size before relaxing)
 .stab          0x00000bac      0x120 ./MCAL/DIO/DIO_CFG.o
                                0x228 (size before relaxing)
 .stab          0x00000ccc      0x660 ./HAL/LCD/LCD.o
                                0x66c (size before relaxing)
 .stab          0x0000132c      0x21c ./HAL/KEYPAD/KEYPAD_CFG.o
                                0x228 (size before relaxing)
 .stab          0x00001548      0x21c ./HAL/KEYPAD/KEY_PAD.o
                                0x324 (size before relaxing)
 .stab          0x00001764      0x2f4 ./APP/main.o
                                0x48c (size before relaxing)
 .stab          0x00001a58       0xd8 ./.metadata/.plugins/org.eclipse.cdt.make.core/specs.o
                                 0xe4 (size before relaxing)

.stabstr        0x00000000     0x154a
 *(.stabstr)
 .stabstr       0x00000000     0x154a ./MCAL/EXI/EXI.o

.stab.excl
 *(.stab.excl)

.stab.exclstr
 *(.stab.exclstr)

.stab.index
 *(.stab.index)

.stab.indexstr
 *(.stab.indexstr)

.comment
 *(.comment)

.debug
 *(.debug)

.line
 *(.line)

.debug_srcinfo
 *(.debug_srcinfo)

.debug_sfnames
 *(.debug_sfnames)

.debug_aranges
 *(.debug_aranges)

.debug_pubnames
 *(.debug_pubnames)

.debug_info
 *(.debug_info)
 *(.gnu.linkonce.wi.*)

.debug_abbrev
 *(.debug_abbrev)

.debug_line
 *(.debug_line)

.debug_frame
 *(.debug_frame)

.debug_str
 *(.debug_str)

.debug_loc
 *(.debug_loc)

.debug_macinfo
 *(.debug_macinfo)
OUTPUT(ITI_WCE_Embedded.elf elf32-avr)
LOAD linker stubs
